Archive member included because of file (symbol)

c:/winavr-20100110/bin/../lib/gcc/avr/4.3.3/avr5\libgcc.a(_exit.o)
                              c:/winavr-20100110/bin/../lib/gcc/avr/4.3.3/../../../../avr/lib/avr5/crtm32.o (exit)
c:/winavr-20100110/bin/../lib/gcc/avr/4.3.3/avr5\libgcc.a(_copy_data.o)
                              obj/Touch_simple1.o (__do_copy_data)
c:/winavr-20100110/bin/../lib/gcc/avr/4.3.3/avr5\libgcc.a(_clear_bss.o)
                              obj/Touch_simple1.o (__do_clear_bss)

Allocating common symbols
Common symbol       size              file

p                   0x1               obj/Touch_simple1.o
B                   0x1               obj/Touch_simple1.o
padding             0x1               obj/Touch_simple1.o
pixel               0x2               obj/Touch_simple1.o
FontWidth           0x1               obj/Touch_simple1.o
G                   0x1               obj/Touch_simple1.o
FontHeight          0x1               obj/Touch_simple1.o
R                   0x1               obj/Touch_simple1.o
FontPointer         0x2               obj/Touch_simple1.o

Memory Configuration

Name             Origin             Length             Attributes
text             0x00000000         0x00020000         xr
data             0x00800060         0x0000ffa0         rw !x
eeprom           0x00810000         0x00010000         rw !x
fuse             0x00820000         0x00000400         rw !x
lock             0x00830000         0x00000400         rw !x
signature        0x00840000         0x00000400         rw !x
*default*        0x00000000         0xffffffff

Linker script and memory map

LOAD c:/winavr-20100110/bin/../lib/gcc/avr/4.3.3/../../../../avr/lib/avr5/crtm32.o
LOAD obj/Touch_simple1.o
LOAD c:/winavr-20100110/bin/../lib/gcc/avr/4.3.3/../../../../avr/lib/avr5\libm.a
LOAD c:/winavr-20100110/bin/../lib/gcc/avr/4.3.3/avr5\libgcc.a
LOAD c:/winavr-20100110/bin/../lib/gcc/avr/4.3.3/../../../../avr/lib/avr5\libc.a
LOAD c:/winavr-20100110/bin/../lib/gcc/avr/4.3.3/avr5\libgcc.a

.hash
 *(.hash)

.dynsym
 *(.dynsym)

.dynstr
 *(.dynstr)

.gnu.version
 *(.gnu.version)

.gnu.version_d
 *(.gnu.version_d)

.gnu.version_r
 *(.gnu.version_r)

.rel.init
 *(.rel.init)

.rela.init
 *(.rela.init)

.rel.text
 *(.rel.text)
 *(.rel.text.*)
 *(.rel.gnu.linkonce.t*)

.rela.text
 *(.rela.text)
 *(.rela.text.*)
 *(.rela.gnu.linkonce.t*)

.rel.fini
 *(.rel.fini)

.rela.fini
 *(.rela.fini)

.rel.rodata
 *(.rel.rodata)
 *(.rel.rodata.*)
 *(.rel.gnu.linkonce.r*)

.rela.rodata
 *(.rela.rodata)
 *(.rela.rodata.*)
 *(.rela.gnu.linkonce.r*)

.rel.data
 *(.rel.data)
 *(.rel.data.*)
 *(.rel.gnu.linkonce.d*)

.rela.data
 *(.rela.data)
 *(.rela.data.*)
 *(.rela.gnu.linkonce.d*)

.rel.ctors
 *(.rel.ctors)

.rela.ctors
 *(.rela.ctors)

.rel.dtors
 *(.rel.dtors)

.rela.dtors
 *(.rela.dtors)

.rel.got
 *(.rel.got)

.rela.got
 *(.rela.got)

.rel.bss
 *(.rel.bss)

.rela.bss
 *(.rela.bss)

.rel.plt
 *(.rel.plt)

.rela.plt
 *(.rela.plt)

.text           0x00000000     0x2f46
 *(.vectors)
 .vectors       0x00000000       0x54 c:/winavr-20100110/bin/../lib/gcc/avr/4.3.3/../../../../avr/lib/avr5/crtm32.o
                0x00000000                __vectors
                0x00000000                __vector_default
 *(.vectors)
 *(.progmem.gcc*)
 *(.progmem*)
 .progmem.data  0x00000054     0x1b08 obj/Touch_simple1.o
                0x00000054                ft18x34
                0x00001b5c                . = ALIGN (0x2)
                0x00001b5c                __trampolines_start = .
 *(.trampolines)
 .trampolines   0x00001b5c        0x0 linker stubs
 *(.trampolines*)
                0x00001b5c                __trampolines_end = .
 *(.jumptables)
 *(.jumptables*)
 *(.lowtext)
 *(.lowtext*)
                0x00001b5c                __ctors_start = .
 *(.ctors)
                0x00001b5c                __ctors_end = .
                0x00001b5c                __dtors_start = .
 *(.dtors)
                0x00001b5c                __dtors_end = .
 SORT(*)(.ctors)
 SORT(*)(.dtors)
 *(.init0)
 .init0         0x00001b5c        0x0 c:/winavr-20100110/bin/../lib/gcc/avr/4.3.3/../../../../avr/lib/avr5/crtm32.o
                0x00001b5c                __init
 *(.init0)
 *(.init1)
 *(.init1)
 *(.init2)
 .init2         0x00001b5c        0xc c:/winavr-20100110/bin/../lib/gcc/avr/4.3.3/../../../../avr/lib/avr5/crtm32.o
 *(.init2)
 *(.init3)
 *(.init3)
 *(.init4)
 .init4         0x00001b68       0x16 c:/winavr-20100110/bin/../lib/gcc/avr/4.3.3/avr5\libgcc.a(_copy_data.o)
                0x00001b68                __do_copy_data
 .init4         0x00001b7e       0x10 c:/winavr-20100110/bin/../lib/gcc/avr/4.3.3/avr5\libgcc.a(_clear_bss.o)
                0x00001b7e                __do_clear_bss
 *(.init4)
 *(.init5)
 *(.init5)
 *(.init6)
 *(.init6)
 *(.init7)
 *(.init7)
 *(.init8)
 *(.init8)
 *(.init9)
 .init9         0x00001b8e        0x8 c:/winavr-20100110/bin/../lib/gcc/avr/4.3.3/../../../../avr/lib/avr5/crtm32.o
 *(.init9)
 *(.text)
 .text          0x00001b96        0x4 c:/winavr-20100110/bin/../lib/gcc/avr/4.3.3/../../../../avr/lib/avr5/crtm32.o
                0x00001b96                __vector_1
                0x00001b96                __vector_12
                0x00001b96                __bad_interrupt
                0x00001b96                __vector_6
                0x00001b96                __vector_3
                0x00001b96                __vector_11
                0x00001b96                __vector_17
                0x00001b96                __vector_19
                0x00001b96                __vector_7
                0x00001b96                __vector_5
                0x00001b96                __vector_4
                0x00001b96                __vector_9
                0x00001b96                __vector_2
                0x00001b96                __vector_15
                0x00001b96                __vector_8
                0x00001b96                __vector_10
                0x00001b96                __vector_16
                0x00001b96                __vector_18
                0x00001b96                __vector_20
 .text          0x00001b9a     0x13a8 obj/Touch_simple1.o
                0x00001cee                LCD_WaitMs
                0x000021c6                LCD_DrawImage
                0x000020b6                LCD_Clear
                0x00001d70                LCD_InitPort
                0x00001fd0                LCD_SetArea
                0x00002248                DrawChar
                0x00002e3c                Print_Char
                0x00002862                DRAW_LINE
                0x00001d2a                LCD_SetReg
                0x00001d0a                LCD_WrCmd
                0x0000259a                CalcTextWidth
                0x0000222c                LcdFont
                0x00001d40                LCD_GetReg
                0x00001cd4                uart_puts
                0x00001b9a                __vector_13
                0x000027d6                DRAW_RECTANGLE
                0x00001c44                uart_init
                0x00002df0                Print_Text
                0x00001fb0                LCD_SetCursor
                0x000020d6                LCD_DrawSymbol
                0x0000203a                LCD_Bar
                0x00001c6e                uart_getc
                0x00002e84                main
                0x00001ca8                uart_putc
                0x000027ac                FILL_RECTANGLE
                0x00002668                CalcTextHeight
                0x00001d1a                LCD_WrDat
                0x00002028                LCD_PutPixel
                0x00002a70                DRAW_RRECT
                0x000026ac                DrawText
                0x00001bee                __vector_14
                0x0000267a                DrawStr
                0x00001d9e                LCD_Reset
 .text          0x00002f42        0x0 c:/winavr-20100110/bin/../lib/gcc/avr/4.3.3/avr5\libgcc.a(_exit.o)
 .text          0x00002f42        0x0 c:/winavr-20100110/bin/../lib/gcc/avr/4.3.3/avr5\libgcc.a(_copy_data.o)
 .text          0x00002f42        0x0 c:/winavr-20100110/bin/../lib/gcc/avr/4.3.3/avr5\libgcc.a(_clear_bss.o)
                0x00002f42                . = ALIGN (0x2)
 *(.text.*)
 .text.libgcc   0x00002f42        0x0 c:/winavr-20100110/bin/../lib/gcc/avr/4.3.3/avr5\libgcc.a(_exit.o)
 .text.libgcc   0x00002f42        0x0 c:/winavr-20100110/bin/../lib/gcc/avr/4.3.3/avr5\libgcc.a(_copy_data.o)
 .text.libgcc   0x00002f42        0x0 c:/winavr-20100110/bin/../lib/gcc/avr/4.3.3/avr5\libgcc.a(_clear_bss.o)
                0x00002f42                . = ALIGN (0x2)
 *(.fini9)
 .fini9         0x00002f42        0x0 c:/winavr-20100110/bin/../lib/gcc/avr/4.3.3/avr5\libgcc.a(_exit.o)
                0x00002f42                exit
                0x00002f42                _exit
 *(.fini9)
 *(.fini8)
 *(.fini8)
 *(.fini7)
 *(.fini7)
 *(.fini6)
 *(.fini6)
 *(.fini5)
 *(.fini5)
 *(.fini4)
 *(.fini4)
 *(.fini3)
 *(.fini3)
 *(.fini2)
 *(.fini2)
 *(.fini1)
 *(.fini1)
 *(.fini0)
 .fini0         0x00002f42        0x4 c:/winavr-20100110/bin/../lib/gcc/avr/4.3.3/avr5\libgcc.a(_exit.o)
 *(.fini0)
                0x00002f46                _etext = .

.data           0x00800060        0x8 load address 0x00002f46
                0x00800060                PROVIDE (__data_start, .)
 *(.data)
 .data          0x00800060        0x0 c:/winavr-20100110/bin/../lib/gcc/avr/4.3.3/../../../../avr/lib/avr5/crtm32.o
 .data          0x00800060        0x7 obj/Touch_simple1.o
                0x00800065                FontYScale
                0x00800064                FontXScale
                0x00800066                FontSpace
                0x00800060                _color
                0x00800062                FgColor
 .data          0x00800067        0x0 c:/winavr-20100110/bin/../lib/gcc/avr/4.3.3/avr5\libgcc.a(_exit.o)
 .data          0x00800067        0x0 c:/winavr-20100110/bin/../lib/gcc/avr/4.3.3/avr5\libgcc.a(_copy_data.o)
 .data          0x00800067        0x0 c:/winavr-20100110/bin/../lib/gcc/avr/4.3.3/avr5\libgcc.a(_clear_bss.o)
 *(.data*)
 *(.rodata)
 *(.rodata*)
 *(.gnu.linkonce.d*)
                0x00800068                . = ALIGN (0x2)
 *fill*         0x00800067        0x1 00
                0x00800068                _edata = .
                0x00800068                PROVIDE (__data_end, .)

.bss            0x00800068       0x70
                0x00800068                PROVIDE (__bss_start, .)
 *(.bss)
 .bss           0x00800068        0x0 c:/winavr-20100110/bin/../lib/gcc/avr/4.3.3/../../../../avr/lib/avr5/crtm32.o
 .bss           0x00800068       0x65 obj/Touch_simple1.o
                0x0080006c                rot
                0x00800075                cc
                0x0080006d                BkColor
                0x00800070                NonTransparence
                0x0080006a                Run_Monitor_Mode
                0x0080006f                FontFixed
                0x00800071                cursorX
                0x00800073                cursorY
                0x00800076                HCount
                0x00800068                UART_TRANSMIT_END
 .bss           0x008000cd        0x0 c:/winavr-20100110/bin/../lib/gcc/avr/4.3.3/avr5\libgcc.a(_exit.o)
 .bss           0x008000cd        0x0 c:/winavr-20100110/bin/../lib/gcc/avr/4.3.3/avr5\libgcc.a(_copy_data.o)
 .bss           0x008000cd        0x0 c:/winavr-20100110/bin/../lib/gcc/avr/4.3.3/avr5\libgcc.a(_clear_bss.o)
 *(.bss*)
 *(COMMON)
 COMMON         0x008000cd        0xb obj/Touch_simple1.o
                0x008000cd                p
                0x008000ce                B
                0x008000cf                padding
                0x008000d0                pixel
                0x008000d2                FontWidth
                0x008000d3                G
                0x008000d4                FontHeight
                0x008000d5                R
                0x008000d6                FontPointer
                0x008000d8                PROVIDE (__bss_end, .)
                0x00002f46                __data_load_start = LOADADDR (.data)
                0x00002f4e                __data_load_end = (__data_load_start + SIZEOF (.data))

.noinit         0x008000d8        0x0
                0x008000d8                PROVIDE (__noinit_start, .)
 *(.noinit*)
                0x008000d8                PROVIDE (__noinit_end, .)
                0x008000d8                _end = .
                0x008000d8                PROVIDE (__heap_start, .)

.eeprom         0x00810000        0x0
 *(.eeprom*)
                0x00810000                __eeprom_end = .

.fuse
 *(.fuse)
 *(.lfuse)
 *(.hfuse)
 *(.efuse)

.lock
 *(.lock*)

.signature
 *(.signature*)

.stab
 *(.stab)

.stabstr
 *(.stabstr)

.stab.excl
 *(.stab.excl)

.stab.exclstr
 *(.stab.exclstr)

.stab.index
 *(.stab.index)

.stab.indexstr
 *(.stab.indexstr)

.comment
 *(.comment)

.debug
 *(.debug)

.line
 *(.line)

.debug_srcinfo
 *(.debug_srcinfo)

.debug_sfnames
 *(.debug_sfnames)

.debug_aranges  0x00000000       0x20
 *(.debug_aranges)
 .debug_aranges
                0x00000000       0x20 obj/Touch_simple1.o

.debug_pubnames
                0x00000000      0x33a
 *(.debug_pubnames)
 .debug_pubnames
                0x00000000      0x33a obj/Touch_simple1.o

.debug_info     0x00000000     0x124e
 *(.debug_info)
 .debug_info    0x00000000     0x124e obj/Touch_simple1.o
 *(.gnu.linkonce.wi.*)

.debug_abbrev   0x00000000      0x267
 *(.debug_abbrev)
 .debug_abbrev  0x00000000      0x267 obj/Touch_simple1.o

.debug_line     0x00000000      0xe15
 *(.debug_line)
 .debug_line    0x00000000      0xe15 obj/Touch_simple1.o

.debug_frame    0x00000000      0x220
 *(.debug_frame)
 .debug_frame   0x00000000      0x220 obj/Touch_simple1.o

.debug_str      0x00000000      0x499
 *(.debug_str)
 .debug_str     0x00000000      0x499 obj/Touch_simple1.o
                                0x4ec (size before relaxing)

.debug_loc      0x00000000     0x1489
 *(.debug_loc)
 .debug_loc     0x00000000     0x1489 obj/Touch_simple1.o

.debug_macinfo
 *(.debug_macinfo)
OUTPUT(Touch_simple1.elf elf32-avr)
LOAD linker stubs

.debug_ranges   0x00000000       0x48
 .debug_ranges  0x00000000       0x48 obj/Touch_simple1.o

Cross Reference Table

Symbol                                            File
B                                                 obj/Touch_simple1.o
BkColor                                           obj/Touch_simple1.o
CalcTextHeight                                    obj/Touch_simple1.o
CalcTextWidth                                     obj/Touch_simple1.o
DRAW_LINE                                         obj/Touch_simple1.o
DRAW_RECTANGLE                                    obj/Touch_simple1.o
DRAW_RRECT                                        obj/Touch_simple1.o
DrawChar                                          obj/Touch_simple1.o
DrawStr                                           obj/Touch_simple1.o
DrawText                                          obj/Touch_simple1.o
FILL_RECTANGLE                                    obj/Touch_simple1.o
FgColor                                           obj/Touch_simple1.o
FontFixed                                         obj/Touch_simple1.o
FontHeight                                        obj/Touch_simple1.o
FontPointer                                       obj/Touch_simple1.o
FontSpace                                         obj/Touch_simple1.o
FontWidth                                         obj/Touch_simple1.o
FontXScale                                        obj/Touch_simple1.o
FontYScale                                        obj/Touch_simple1.o
G                                                 obj/Touch_simple1.o
HCount                                            obj/Touch_simple1.o
LCD_Bar                                           obj/Touch_simple1.o
LCD_Clear                                         obj/Touch_simple1.o
LCD_DrawImage                                     obj/Touch_simple1.o
LCD_DrawSymbol                                    obj/Touch_simple1.o
LCD_GetReg                                        obj/Touch_simple1.o
LCD_InitPort                                      obj/Touch_simple1.o
LCD_PutPixel                                      obj/Touch_simple1.o
LCD_Reset                                         obj/Touch_simple1.o
LCD_SetArea                                       obj/Touch_simple1.o
LCD_SetCursor                                     obj/Touch_simple1.o
LCD_SetReg                                        obj/Touch_simple1.o
LCD_WaitMs                                        obj/Touch_simple1.o
LCD_WrCmd                                         obj/Touch_simple1.o
LCD_WrDat                                         obj/Touch_simple1.o
LcdFont                                           obj/Touch_simple1.o
NonTransparence                                   obj/Touch_simple1.o
Print_Char                                        obj/Touch_simple1.o
Print_Text                                        obj/Touch_simple1.o
R                                                 obj/Touch_simple1.o
Run_Monitor_Mode                                  obj/Touch_simple1.o
UART_TRANSMIT_END                                 obj/Touch_simple1.o
__bad_interrupt                                   c:/winavr-20100110/bin/../lib/gcc/avr/4.3.3/../../../../avr/lib/avr5/crtm32.o
__bss_end                                         c:/winavr-20100110/bin/../lib/gcc/avr/4.3.3/avr5\libgcc.a(_clear_bss.o)
__bss_start                                       c:/winavr-20100110/bin/../lib/gcc/avr/4.3.3/avr5\libgcc.a(_clear_bss.o)
__data_end                                        c:/winavr-20100110/bin/../lib/gcc/avr/4.3.3/avr5\libgcc.a(_copy_data.o)
__data_load_start                                 c:/winavr-20100110/bin/../lib/gcc/avr/4.3.3/avr5\libgcc.a(_copy_data.o)
__data_start                                      c:/winavr-20100110/bin/../lib/gcc/avr/4.3.3/avr5\libgcc.a(_copy_data.o)
__do_clear_bss                                    c:/winavr-20100110/bin/../lib/gcc/avr/4.3.3/avr5\libgcc.a(_clear_bss.o)
                                                  obj/Touch_simple1.o
__do_copy_data                                    c:/winavr-20100110/bin/../lib/gcc/avr/4.3.3/avr5\libgcc.a(_copy_data.o)
                                                  obj/Touch_simple1.o
__heap_end                                        c:/winavr-20100110/bin/../lib/gcc/avr/4.3.3/../../../../avr/lib/avr5/crtm32.o
__init                                            c:/winavr-20100110/bin/../lib/gcc/avr/4.3.3/../../../../avr/lib/avr5/crtm32.o
__stack                                           c:/winavr-20100110/bin/../lib/gcc/avr/4.3.3/../../../../avr/lib/avr5/crtm32.o
__vector_1                                        c:/winavr-20100110/bin/../lib/gcc/avr/4.3.3/../../../../avr/lib/avr5/crtm32.o
__vector_10                                       c:/winavr-20100110/bin/../lib/gcc/avr/4.3.3/../../../../avr/lib/avr5/crtm32.o
__vector_11                                       c:/winavr-20100110/bin/../lib/gcc/avr/4.3.3/../../../../avr/lib/avr5/crtm32.o
__vector_12                                       c:/winavr-20100110/bin/../lib/gcc/avr/4.3.3/../../../../avr/lib/avr5/crtm32.o
__vector_13                                       obj/Touch_simple1.o
                                                  c:/winavr-20100110/bin/../lib/gcc/avr/4.3.3/../../../../avr/lib/avr5/crtm32.o
__vector_14                                       obj/Touch_simple1.o
                                                  c:/winavr-20100110/bin/../lib/gcc/avr/4.3.3/../../../../avr/lib/avr5/crtm32.o
__vector_15                                       c:/winavr-20100110/bin/../lib/gcc/avr/4.3.3/../../../../avr/lib/avr5/crtm32.o
__vector_16                                       c:/winavr-20100110/bin/../lib/gcc/avr/4.3.3/../../../../avr/lib/avr5/crtm32.o
__vector_17                                       c:/winavr-20100110/bin/../lib/gcc/avr/4.3.3/../../../../avr/lib/avr5/crtm32.o
__vector_18                                       c:/winavr-20100110/bin/../lib/gcc/avr/4.3.3/../../../../avr/lib/avr5/crtm32.o
__vector_19                                       c:/winavr-20100110/bin/../lib/gcc/avr/4.3.3/../../../../avr/lib/avr5/crtm32.o
__vector_2                                        c:/winavr-20100110/bin/../lib/gcc/avr/4.3.3/../../../../avr/lib/avr5/crtm32.o
__vector_20                                       c:/winavr-20100110/bin/../lib/gcc/avr/4.3.3/../../../../avr/lib/avr5/crtm32.o
__vector_3                                        c:/winavr-20100110/bin/../lib/gcc/avr/4.3.3/../../../../avr/lib/avr5/crtm32.o
__vector_4                                        c:/winavr-20100110/bin/../lib/gcc/avr/4.3.3/../../../../avr/lib/avr5/crtm32.o
__vector_5                                        c:/winavr-20100110/bin/../lib/gcc/avr/4.3.3/../../../../avr/lib/avr5/crtm32.o
__vector_6                                        c:/winavr-20100110/bin/../lib/gcc/avr/4.3.3/../../../../avr/lib/avr5/crtm32.o
__vector_7                                        c:/winavr-20100110/bin/../lib/gcc/avr/4.3.3/../../../../avr/lib/avr5/crtm32.o
__vector_8                                        c:/winavr-20100110/bin/../lib/gcc/avr/4.3.3/../../../../avr/lib/avr5/crtm32.o
__vector_9                                        c:/winavr-20100110/bin/../lib/gcc/avr/4.3.3/../../../../avr/lib/avr5/crtm32.o
__vector_default                                  c:/winavr-20100110/bin/../lib/gcc/avr/4.3.3/../../../../avr/lib/avr5/crtm32.o
__vectors                                         c:/winavr-20100110/bin/../lib/gcc/avr/4.3.3/../../../../avr/lib/avr5/crtm32.o
_color                                            obj/Touch_simple1.o
_exit                                             c:/winavr-20100110/bin/../lib/gcc/avr/4.3.3/avr5\libgcc.a(_exit.o)
cc                                                obj/Touch_simple1.o
cursorX                                           obj/Touch_simple1.o
cursorY                                           obj/Touch_simple1.o
exit                                              c:/winavr-20100110/bin/../lib/gcc/avr/4.3.3/avr5\libgcc.a(_exit.o)
                                                  c:/winavr-20100110/bin/../lib/gcc/avr/4.3.3/../../../../avr/lib/avr5/crtm32.o
ft18x34                                           obj/Touch_simple1.o
main                                              obj/Touch_simple1.o
                                                  c:/winavr-20100110/bin/../lib/gcc/avr/4.3.3/../../../../avr/lib/avr5/crtm32.o
p                                                 obj/Touch_simple1.o
padding                                           obj/Touch_simple1.o
pixel                                             obj/Touch_simple1.o
rot                                               obj/Touch_simple1.o
uart_getc                                         obj/Touch_simple1.o
uart_init                                         obj/Touch_simple1.o
uart_putc                                         obj/Touch_simple1.o
uart_puts                                         obj/Touch_simple1.o
